env: load .env
env: export EXPO_PUBLIC_API_URL EXPO_PUBLIC_GOOGLE_IOS_CLIENT_ID EXPO_PUBLIC_GOOGLE_WEB_CLIENT_ID EXPO_PUBLIC_REVENUECAT_ANDROID_API_KEY EXPO_PUBLIC_REVENUECAT_ENTITLEMENT_ID EXPO_PUBLIC_REVENUECAT_IOS_API_KEY EXPO_PUBLIC_REVENUECAT_TEST_API_KEY
Starting project at C:\Users\maasa\monorepos\BodyAxis\app
Using src/app as the root directory for Expo Router.
React Compiler enabled
Starting Metro Bundler

Waiting on http://localhost:8082
Logs for your project will appear below.
Web node_modules\expo-router\entry.js ░░░░░░░░░░░░░░░░  0.0% (0/1)
Web node_modules\expo-router\entry.js ░░░░░░░░░░░░░░░░  0.0% (0/1)
λ node_modules\expo\node_modules\@expo\cli\node_modules\@expo\router-server\node\render.js ░░░░░░░░░░░░░░░░  0.0% (0/1)
Web node_modules\expo-router\entry.js ░░░░░░░░░░░░░░░░  1.0% (1/1)
λ node_modules\expo\node_modules\@expo\cli\node_modules\@expo\router-server\node\render.js ░░░░░░░░░░░░░░░░  0.0% (0/1)
Web node_modules\expo-router\entry.js ▓▓▓▓░░░░░░░░░░░░ 25.0% ( 5/10)
λ node_modules\expo\node_modules\@expo\cli\node_modules\@expo\router-server\node\render.js ▓▓▓░░░░░░░░░░░░░ 19.3% ( 62/141)
Web node_modules\expo-router\entry.js ▓▓▓▓░░░░░░░░░░░░ 29.0% (14/26)
λ node_modules\expo\node_modules\@expo\cli\node_modules\@expo\router-server\node\render.js ▓▓▓░░░░░░░░░░░░░ 22.5% (191/430)
Web node_modules\expo-router\entry.js ▓▓▓▓░░░░░░░░░░░░ 29.0% ( 40/195)
λ node_modules\expo\node_modules\@expo\cli\node_modules\@expo\router-server\node\render.js ▓▓▓▓▓░░░░░░░░░░░ 34.7% (395/693)
Web node_modules\expo-router\entry.js ▓▓▓▓░░░░░░░░░░░░ 29.0% ( 45/210)
λ node_modules\expo\node_modules\@expo\cli\node_modules\@expo\router-server\node\render.js ▓▓▓▓▓▓░░░░░░░░░░ 40.9% (553/866)
Web node_modules\expo-router\entry.js ▓▓▓▓░░░░░░░░░░░░ 29.0% (165/391)
λ node_modules\expo\node_modules\@expo\cli\node_modules\@expo\router-server\node\render.js ▓▓▓▓▓▓░░░░░░░░░░ 40.9% ( 616/6040)
Web node_modules\expo-router\entry.js ▓▓▓▓░░░░░░░░░░░░ 29.0% (188/440)
λ node_modules\expo\node_modules\@expo\cli\node_modules\@expo\router-server\node\render.js ▓▓▓▓▓▓░░░░░░░░░░ 40.9% ( 729/6107)
Web node_modules\expo-router\entry.js ▓▓▓▓░░░░░░░░░░░░ 29.0% (207/473)
λ node_modules\expo\node_modules\@expo\cli\node_modules\@expo\router-server\node\render.js ▓▓▓▓▓▓░░░░░░░░░░ 40.9% ( 819/6290)
Web node_modules\expo-router\entry.js ▓▓▓▓░░░░░░░░░░░░ 29.0% (207/473)
λ node_modules\expo\node_modules\@expo\cli\node_modules\@expo\router-server\node\render.js ▓▓▓▓▓▓░░░░░░░░░░ 40.9% (1247/6348)
Web node_modules\expo-router\entry.js ▓▓▓▓░░░░░░░░░░░░ 29.0% (207/473)
λ node_modules\expo\node_modules\@expo\cli\node_modules\@expo\router-server\node\render.js ▓▓▓▓▓▓░░░░░░░░░░ 40.9% (1628/6348)
Web node_modules\expo-router\entry.js ▓▓▓▓░░░░░░░░░░░░ 29.0% (207/473)
λ node_modules\expo\node_modules\@expo\cli\node_modules\@expo\router-server\node\render.js ▓▓▓▓▓▓░░░░░░░░░░ 40.9% (2072/6348)
Web node_modules\expo-router\entry.js ▓▓▓▓░░░░░░░░░░░░ 29.0% (207/473)
λ node_modules\expo\node_modules\@expo\cli\node_modules\@expo\router-server\node\render.js ▓▓▓▓▓▓░░░░░░░░░░ 40.9% (2522/6348)
Web node_modules\expo-router\entry.js ▓▓▓▓░░░░░░░░░░░░ 29.0% (207/473)
λ node_modules\expo\node_modules\@expo\cli\node_modules\@expo\router-server\node\render.js ▓▓▓▓▓▓░░░░░░░░░░ 40.9% (3166/6348)
Web node_modules\expo-router\entry.js ▓▓▓▓░░░░░░░░░░░░ 29.0% (207/473)
λ node_modules\expo\node_modules\@expo\cli\node_modules\@expo\router-server\node\render.js ▓▓▓▓▓▓░░░░░░░░░░ 40.9% (3780/6348)
Web node_modules\expo-router\entry.js ▓▓▓▓░░░░░░░░░░░░ 29.0% (207/473)
λ node_modules\expo\node_modules\@expo\cli\node_modules\@expo\router-server\node\render.js ▓▓▓▓▓▓░░░░░░░░░░ 43.3% (4176/6348)
Web node_modules\expo-router\entry.js ▓▓▓▓░░░░░░░░░░░░ 29.0% (207/473)
λ node_modules\expo\node_modules\@expo\cli\node_modules\@expo\router-server\node\render.js ▓▓▓▓▓▓▓▓░░░░░░░░ 53.0% (4623/6348)
Web node_modules\expo-router\entry.js ▓▓▓▓░░░░░░░░░░░░ 29.0% (207/473)
λ node_modules\expo\node_modules\@expo\cli\node_modules\@expo\router-server\node\render.js ▓▓▓▓▓▓▓▓▓▓░░░░░░ 66.5% (5176/6348)
Web node_modules\expo-router\entry.js ▓▓▓▓░░░░░░░░░░░░ 29.0% (207/473)
λ node_modules\expo\node_modules\@expo\cli\node_modules\@expo\router-server\node\render.js ▓▓▓▓▓▓▓▓▓▓▓▓▓▓░░ 88.3% (5966/6348)
Web node_modules\expo-router\entry.js ▓▓▓▓▓▓░░░░░░░░░░ 41.7% (430/666)
λ node_modules\expo\node_modules\@expo\cli\node_modules\@expo\router-server\node\render.js ▓▓▓▓▓▓▓▓▓▓▓▓▓▓░░ 91.0% (6103/6397)
Web node_modules\expo-router\entry.js ▓▓▓▓▓▓▓░░░░░░░░░ 44.9% (471/703)
λ node_modules\expo\node_modules\@expo\cli\node_modules\@expo\router-server\node\render.js ▓▓▓▓▓▓▓▓▓▓▓▓▓▓░░ 93.1% (6315/6549)
Web node_modules\expo-router\entry.js ▓▓▓▓▓▓▓▓▓░░░░░░░ 61.5% (616/857)
λ node_modules\expo\node_modules\@expo\cli\node_modules\@expo\router-server\node\render.js ▓▓▓▓▓▓▓▓▓▓▓▓▓▓▓░ 94.3% (6386/6575)
Web node_modules\expo-router\entry.js ▓▓▓▓▓▓▓▓▓░░░░░░░ 61.5% (681/929)
λ node_modules\expo\node_modules\@expo\cli\node_modules\@expo\router-server\node\render.js ▓▓▓▓▓▓▓▓▓▓▓▓▓▓▓░ 97.8% (6536/6610)
Web node_modules\expo-router\entry.js ▓▓▓▓▓▓▓▓▓░░░░░░░ 61.5% ( 712/6083)
λ node_modules\expo\node_modules\@expo\cli\node_modules\@expo\router-server\node\render.js ▓▓▓▓▓▓▓▓▓▓▓▓▓▓▓░ 98.2% (6554/6615)
Web node_modules\expo-router\entry.js ▓▓▓▓▓▓▓▓▓░░░░░░░ 61.5% (1126/6304)
λ node_modules\expo\node_modules\@expo\cli\node_modules\@expo\router-server\node\render.js ▓▓▓▓▓▓▓▓▓▓▓▓▓▓▓░ 98.9% (6625/6663)
Web node_modules\expo-router\entry.js ▓▓▓▓▓▓▓▓▓░░░░░░░ 61.5% (2403/6304)
λ node_modules\expo\node_modules\@expo\cli\node_modules\@expo\router-server\node\render.js ▓▓▓▓▓▓▓▓▓▓▓▓▓▓▓░ 98.9% (6625/6663)
Web node_modules\expo-router\entry.js ▓▓▓▓▓▓▓▓▓░░░░░░░ 61.5% (3928/6304)
λ node_modules\expo\node_modules\@expo\cli\node_modules\@expo\router-server\node\render.js ▓▓▓▓▓▓▓▓▓▓▓▓▓▓▓░ 98.9% (6625/6663)
Web node_modules\expo-router\entry.js ▓▓▓▓▓▓▓▓▓▓░░░░░░ 66.5% (5141/6304)
λ node_modules\expo\node_modules\@expo\cli\node_modules\@expo\router-server\node\render.js ▓▓▓▓▓▓▓▓▓▓▓▓▓▓▓░ 98.9% (6625/6663)
Web node_modules\expo-router\entry.js ▓▓▓▓▓▓▓▓▓▓▓▓▓▓▓░ 94.1% (6212/6403)
λ node_modules\expo\node_modules\@expo\cli\node_modules\@expo\router-server\node\render.js ▓▓▓▓▓▓▓▓▓▓▓▓▓▓▓░ 98.9% (6662/6706)
Web node_modules\expo-router\entry.js ▓▓▓▓▓▓▓▓▓▓▓▓▓▓▓░ 97.2% (6466/6557)
λ node_modules\expo\node_modules\@expo\cli\node_modules\@expo\router-server\node\render.js ▓▓▓▓▓▓▓▓▓▓▓▓▓▓▓░ 99.8% (6792/6800)
λ Bundled 113166ms node_modules\expo\node_modules\@expo\cli\node_modules\@expo\router-server\node\render.js (6800 modules)
Web node_modules\expo-router\entry.js ▓▓▓▓▓▓▓▓▓▓▓▓▓▓▓░ 99.5% (6647/6663)
Web node_modules\expo-router\entry.js ▓▓▓▓▓▓▓▓▓▓▓▓▓▓▓░ 99.9% (6693/6693)
Web platform detected. Using RevenueCat in Browser Mode.
Web Bundled 127937ms node_modules\expo-router\entry.js (6693 modules)
